// Jest Snapshot v1, https://goo.gl/fbAQLP

exports[`Logo renders properly 1`] = `
"<v-footer app=\\"\\" class=\\"grey lighten-2\\"><v-container fluid=\\"\\" class=\\"px-3 pb-8 px-sm-5 px-md-8 px-lg-12\\"><v-row no-gutters=\\"\\"><v-col><ul class=\\"d-flex justify-center justify-lg-end social-icons\\"><li><a target=\\"_blank\\" href=\\"https://twitter.com/tsbberlin\\"><v-icon>mdi-twitter</v-icon></a></li> <li><a target=\\"_blank\\" href=\\"https://www.facebook.com/Technologiestiftung/\\"><v-icon>mdi-facebook-box</v-icon></a></li> <li><a target=\\"_blank\\" href=\\"https://github.com/technologiestiftung/\\"><v-icon>mdi-github-circle</v-icon></a></li></ul></v-col></v-row> <v-row no-gutters=\\"\\"><v-col><div class=\\"d-flex flex-column flex-lg-row\\"><div class=\\"d-flex flex-column flex-lg-row\\"><img alt=\\"Technologiestiftung Berlin Logo\\" src=\\"/img/tsb-logo-content.svg\\" class=\\"mr-6\\"> <address class=\\"mt-4 mt-lg-0 ml-2\\">
              Grunewaldstraße 61-62<br>
              10825 Berlin<br> <a href=\\"mailto:info@technologiestiftung-berlin.de\\">info@technologiestiftung‑berlin.de</a><br></address></div> <ul class=\\"pl-2 mt-7 mt-lg-0 ml-lg-12\\"><li><a target=\\"_blank\\" href=\\"https://www.technologiestiftung-berlin.de/de/stiftung/kontakt-anfahrt/\\">Kontakt</a></li> <li><a target=\\"_blank\\" href=\\"https://www.technologiestiftung-berlin.de/de/impressum\\">Impressum</a></li> <li><a target=\\"_blank\\" href=\\"https://www.technologiestiftung-berlin.de/de/datenschutz/\\">Datenschutz</a></li></ul></div></v-col></v-row></v-container></v-footer>"
`;
